Output report file name prefix is (null) 
Info: Processing report for view default_emulate_view ...
###############################################################
#  Generated by:      Cadence Tempus 22.13-s095_1
#  OS:                Linux x86_64(Host ID rhcadence)
#  Generated on:      Fri Jun 12 16:33:05 2026
#  Design:            counter
#  Command:           report_noise > ./reports/report_noise.rpt
#  View:              default_emulate_view
###############################################################

Report Options:
--------------------------------------------------------------------------------
 -type glitch
 -threshold 10 % (of vdd)
 [-style default]
 [-sortBy noise]
Level     : VH and VL
--------------------------------------------------------------------------------
--------------------------------------------------------------------------------------------------  
                 Input                       Internal                    Last                       
--------------------------------------------------------------------------------------------------  
          VL             VH             VL             VH             VL             VH             
--------------------------------------------------------------------------------------------------  
Clock     0.400          0.400          0.050          0.050          0.050          0.050          
--------------------------------------------------------------------------------------------------  
Data      0.400          0.400          0.300          0.300          0.150          0.150          
--------------------------------------------------------------------------------------------------  
Latch     0.400          0.400          0.100          0.100          0.100          0.100          
--------------------------------------------------------------------------------------------------  

 Glitch Violations Summary : 
-------------------------- 
Number of DC tolerance violations (VH + VL) =  2 
Number of Receiver Output Peak violations (VH + VL) =  0 
Number of total problem noise nets =  1 
 
--------------------------------------------------------------------------------
Peak(mV)  Level  TotalCap(fF)  TotalArea    Width(ps)    Vdd(mV)  Library                    VictimNet
658.09    VH     26.19         333.87       1014.67      900      slow_vdd1v0  q_o_reg[1]/D  {n_2}

Receiver Input Threshold:
Status    Slack         Value     (Threshold)  ReceiverNet   ReceiverCell  ReceiverCellType       ReceiverThresholdType
VIOLATED  -298.09       658.09    (360.00)     q_o_reg[1]/D  (DFFQXL)      [bbox]                 Global

Constituents:  
Source  Peak(mV)  Slew(ps)  Xcap(fF)  Vdd(mV)  Edge  Status     Net
Cpl:    658.09    5.00      20.00     900      F     ACT        rst_n_i
--------------------------------------------------------------------------------
Peak(mV)  Level  TotalCap(fF)  TotalArea    Width(ps)    Vdd(mV)  Library                    VictimNet
655.28    VL     26.19         190.11       580.23       900      slow_vdd1v0  q_o_reg[1]/D  {n_2}

Receiver Input Threshold:
Status    Slack         Value     (Threshold)  ReceiverNet   ReceiverCell  ReceiverCellType       ReceiverThresholdType
VIOLATED  -295.28       655.28    (360.00)     q_o_reg[1]/D  (DFFQXL)      [bbox]                 Global

Constituents:  
Source  Peak(mV)  Slew(ps)  Xcap(fF)  Vdd(mV)  Edge  Status     Net
Cpl:    655.28    5.00      20.00     900      R     ACT        rst_n_i
********************************************************************************
