###############################################################
#  Generated by:      Cadence Tempus 22.13-s095_1
#  OS:                Linux x86_64(Host ID rhcadence)
#  Generated on:      Fri Jun 12 10:31:16 2026
#  Design:            counter
#  Command:           report_timing -split_delay -path_type full_clock -through_rise n_2 -late  > ${REPORT_DIR}/report_timing_n_2_rise_late.rpt
###############################################################
Path 1: MET (9.474 ns) Setup Check with Pin q_o_reg[1]/CK->D
              Group: clk
         Startpoint: (R) q_o_reg[0]/CK
              Clock: (R) clk
           Endpoint: (R) q_o_reg[1]/D
              Clock: (R) clk

                       Capture       Launch
         Clock Edge:+   10.000        0.000
        Src Latency:+    0.000        0.000
        Net Latency:+    0.000 (P)    0.000 (P)
            Arrival:=   10.000        0.000

              Setup:-    0.124
        Uncertainty:-    0.010
      Required Time:=    9.866
       Launch Clock:=    0.000
          Data Path:+    0.392
              Slack:=    9.474
     Timing Path:

#----------------------------------------------------------------------------------------------------------------------------------------------------
# Instance    Cell       Arc    Edge   Delay    Incr  Arrival   Load  Trans  Fanout  User                          Pin         Arc  Required  Voltage  
#                                       (ns)   Delay     (ns)   (pf)   (ns)          Derate                   Location  Annotation      Time    
#                                                                                                                                       (ns)    
#----------------------------------------------------------------------------------------------------------------------------------------------------
  -           (arrival)  clk_i  R          -       -    0.000  0.000  0.004       2  -       (-2147483.65,-2147483.65)         WLM     9.474  0.900  
  q_o_reg[0]  DFFQXL     -      R      0.000   0.000    0.000  0.000  0.004       2   1.000  (-2147483.65,-2147483.65)         WLM     9.474  0.900  
  q_o_reg[0]  DFFQXL     CK->Q  R      0.174   0.000    0.174  0.001  0.033       -   1.000  (-2147483.65,-2147483.65)           -     9.648  0.900  
  g27__5107   XNOR2X1    -      R      0.000   0.000    0.174  0.001  0.033       3   1.000  (-2147483.65,-2147483.65)         WLM     9.648  0.900  
  g27__5107   XNOR2X1    A->Y   F      0.178   0.000    0.352  0.000  0.027       -   1.000  (-2147483.65,-2147483.65)           -     9.826  0.900  
  g25__2398   NOR2BX1    -      F      0.000   0.000    0.352  0.000  0.027       1   1.000  (-2147483.65,-2147483.65)         WLM     9.826  0.900  
  g25__2398   NOR2BX1    B->Y   R      0.040   0.000    0.392  0.000  0.036       -   1.000  (-2147483.65,-2147483.65)           -     9.866  0.900  
  q_o_reg[1]  DFFQXL     -      R      0.000   0.000    0.392  0.000  0.036       1   1.000  (-2147483.65,-2147483.65)        SPEF     9.866  0.900  
#----------------------------------------------------------------------------------------------------------------------------------------------------
     Other End Path:

#----------------------------------------------------------------------------------------------------------------------------------------------------
# Instance    Cell       Arc    Edge   Delay    Incr  Arrival   Load  Trans  Fanout  User                          Pin         Arc  Required  Voltage  
#                                       (ns)   Delay     (ns)   (pf)   (ns)          Derate                   Location  Annotation      Time    
#                                                                                                                                       (ns)    
#----------------------------------------------------------------------------------------------------------------------------------------------------
  -           (arrival)  clk_i  R          -       -   10.000  0.000  0.004       2  -       (-2147483.65,-2147483.65)         WLM    -9.474  0.900  
  q_o_reg[1]  DFFQXL     -      R      0.000   0.000   10.000  0.000  0.004       2   1.000  (-2147483.65,-2147483.65)         WLM    -9.474  0.900  
#----------------------------------------------------------------------------------------------------------------------------------------------------

