###############################################################
#  Generated by:      Cadence Tempus 22.13-s095_1
#  OS:                Linux x86_64(Host ID rhcadence)
#  Generated on:      Fri Jun 12 16:30:24 2026
#  Design:            counter
#  Command:           report_timing -split_delay -path_type full_clock -through_fall n_2 -late  > ${REPORT_DIR}/report_timing_n_2_fall_late.rpt
###############################################################
Path 1: MET (8.488 ns) Setup Check with Pin q_o_reg[1]/CK->D
              Group: clk
         Startpoint: (R) q_o_reg[0]/CK
              Clock: (R) clk
           Endpoint: (F) q_o_reg[1]/D
              Clock: (R) clk

                       Capture       Launch
         Clock Edge:+   10.000        0.000
        Src Latency:+    0.000        0.000
        Net Latency:+    0.000 (P)    0.000 (P)
            Arrival:=   10.000        0.000

              Setup:-    0.250
        Uncertainty:-    0.010
      Required Time:=    9.740
       Launch Clock:=    0.000
          Data Path:+    1.252
              Slack:=    8.488
     Timing Path:

#----------------------------------------------------------------------------------------------------------------------------------------------------
# Instance    Cell       Arc    Edge   Delay    Incr  Arrival   Load  Trans  Fanout  User                          Pin         Arc  Required  Voltage  
#                                       (ns)   Delay     (ns)   (pf)   (ns)          Derate                   Location  Annotation      Time    
#                                                                                                                                       (ns)    
#----------------------------------------------------------------------------------------------------------------------------------------------------
  -           (arrival)  clk_i  R          -       -    0.000  0.000  0.004       2  -       (-2147483.65,-2147483.65)         WLM     8.488  0.900  
  q_o_reg[0]  DFFQXL     -      R      0.000   0.000    0.000  0.000  0.004       2   1.000  (-2147483.65,-2147483.65)         WLM     8.488  0.900  
  q_o_reg[0]  DFFQXL     CK->Q  F      0.195   0.000    0.195  0.001  0.038       -   1.000  (-2147483.65,-2147483.65)           -     8.683  0.900  
  g27__5107   XNOR2X1    -      F      0.000   0.000    0.195  0.001  0.038       3   1.000  (-2147483.65,-2147483.65)         WLM     8.683  0.900  
  g27__5107   XNOR2X1    A->Y   R      0.197   0.000    0.393  0.000  0.026       -   1.000  (-2147483.65,-2147483.65)           -     8.880  0.900  
  g25__2398   NOR2BX1    -      R      0.000   0.000    0.393  0.000  0.026       1   1.000  (-2147483.65,-2147483.65)         WLM     8.880  0.900  
  g25__2398   NOR2BX1    B->Y   F      0.246   0.000    0.638  0.016  0.422       -   1.000  (-2147483.65,-2147483.65)           -     9.126  0.900  
  q_o_reg[1]  DFFQXL     -      F      0.614   0.614    1.252  0.016  0.422       1   1.000  (-2147483.65,-2147483.65)        SPEF     9.740  0.900  
#----------------------------------------------------------------------------------------------------------------------------------------------------
     Other End Path:

#----------------------------------------------------------------------------------------------------------------------------------------------------
# Instance    Cell       Arc    Edge   Delay    Incr  Arrival   Load  Trans  Fanout  User                          Pin         Arc  Required  Voltage  
#                                       (ns)   Delay     (ns)   (pf)   (ns)          Derate                   Location  Annotation      Time    
#                                                                                                                                       (ns)    
#----------------------------------------------------------------------------------------------------------------------------------------------------
  -           (arrival)  clk_i  R          -       -   10.000  0.000  0.004       2  -       (-2147483.65,-2147483.65)         WLM    -8.488  0.900  
  q_o_reg[1]  DFFQXL     -      R      0.000   0.000   10.000  0.000  0.004       2   1.000  (-2147483.65,-2147483.65)         WLM    -8.488  0.900  
#----------------------------------------------------------------------------------------------------------------------------------------------------

