The report is generated with view default_emulate_view. Use option -view <view_name> to report it for other views. Run the report_analysis_view command to list views.
###############################################################
#  Generated by:      Cadence Tempus 22.13-s095_1
#  OS:                Linux x86_64(Host ID rhcadence)
#  Generated on:      Fri Jun 12 12:40:40 2026
#  Design:            counter
#  Command:           report_delay_calculation -from g25__2398/Y -to {q_o_reg[1]/D} -si > ./reports/delay_calculation.rpt
###############################################################

From pin  : g25__2398/Y
Cell       : NOR2BX1
Library    : slow_vdd1v0
To pin    : q_o_reg[1]/D
Cell       : DFFQXL
Library    : slow_vdd1v0
Base or SI: SI delay
Delay type: net

-------------------------------------------------------------
RC Summary for net n_2
-------------------------------------------------------------
Number of capacitance : 3
Net capacitance       : 0.000060 pF
Total rise capacitance: 0.000270 pF
Total fall capacitance: 0.000248 pF
Number of resistance  : 4
Total resistance      : 4.000200 Ohm
-------------------------------------------------------------
			   Rise        Fall
-------------------------------------------------------------
Net delay               : 0.000000 ns 0.000000 ns 
From pin transition time: 0.038800 ns 0.028200 ns 
To pin transition time  : 0.038800 ns 0.028200 ns 
-------------------------------------------------------------

Abbreviative attacker status and filtered reason:
-------------------------------------------------------------
SY :  Synchronous 
INF:  Attacker with infinite timing window 
PE :  Filtered due to physical exclusion  
UF :  Filtered by user 
CN :  Filtered because it is a constant net 
SB :  Filtered due to small bump 
TA :  Filtered because of timing window does not overlap 
LC :  Filtered due to logical correlation 
ACT:  Attacker is Active.
-------------------------------------------------------------
Total number of fetched objects 1
AAE_INFO: Total number of nets for which stage creation was skipped for all views 0
