Output report file name prefix is (null) 
Info: Processing report for view default_emulate_view ...
###############################################################
#  Generated by:      Cadence Tempus 22.13-s095_1
#  OS:                Linux x86_64(Host ID rhcadence)
#  Generated on:      Fri Jun 12 12:40:40 2026
#  Design:            counter
#  Command:           report_noise > ./reports/report_noise.rpt
#  View:              default_emulate_view
###############################################################

Report Options:
--------------------------------------------------------------------------------
 -type glitch
 -threshold 10 % (of vdd)
 [-style default]
 [-sortBy noise]
Level     : VH and VL
--------------------------------------------------------------------------------
--------------------------------------------------------------------------------------------------  
                 Input                       Internal                    Last                       
--------------------------------------------------------------------------------------------------  
          VL             VH             VL             VH             VL             VH             
--------------------------------------------------------------------------------------------------  
Clock     0.400          0.400          0.050          0.050          0.050          0.050          
--------------------------------------------------------------------------------------------------  
Data      0.400          0.400          0.300          0.300          0.150          0.150          
--------------------------------------------------------------------------------------------------  
Latch     0.400          0.400          0.100          0.100          0.100          0.100          
--------------------------------------------------------------------------------------------------  

 Glitch Violations Summary : 
-------------------------- 
Number of DC tolerance violations (VH + VL) =  0 
Number of Receiver Output Peak violations (VH + VL) =  0 
Number of total problem noise nets =  0 
 
********************************************************************************
