###############################################################
#  Generated by:      Cadence Tempus 22.13-s095_1
#  OS:                Linux x86_64(Host ID rhcadence)
#  Generated on:      Fri Jun 12 16:26:27 2026
#  Design:            counter
#  Command:           report_timing -split_delay -path_type full_clock -through_rise n_2 -early > ${REPORT_DIR}/report_timing_n_2_rise_early.rpt
###############################################################
Path 1: MET (0.425 ns) Hold Check with Pin q_o_reg[1]/CK->D
              Group: clk
         Startpoint: (R) rst_n_i
              Clock:
           Endpoint: (R) q_o_reg[1]/D
              Clock: (R) clk

                       Capture       Launch
         Clock Edge:+    0.000        0.000
        Src Latency:+    0.000        0.000
        Net Latency:+    0.000 (P)    0.000 (I)
            Arrival:=    0.000        0.000

               Hold:+   -0.206
        Uncertainty:+    0.010
      Required Time:=   -0.196
       Launch Clock:=    0.000
          Data Path:+    0.228
              Slack:=    0.425
     Timing Path:

#------------------------------------------------------------------------------------------------------------------------------------------------------
# Instance    Cell       Arc      Edge   Delay    Incr  Arrival   Load  Trans  Fanout  User                          Pin         Arc  Required  Voltage  
#                                         (ns)   Delay     (ns)   (pf)   (ns)          Derate                   Location  Annotation      Time    
#                                                                                                                                         (ns)    
#------------------------------------------------------------------------------------------------------------------------------------------------------
  -           (arrival)  rst_n_i  R          -       -    0.000  0.000  0.004       2  -       (-2147483.65,-2147483.65)         WLM    -0.425  0.900  
  g25__2398   NOR2BX1    -        R      0.000   0.000    0.000  0.000  0.004       2   1.000  (-2147483.65,-2147483.65)         WLM    -0.425  0.900  
  g25__2398   NOR2BX1    AN->Y    R      0.228   0.000    0.228  0.006  0.294       -   1.000  (-2147483.65,-2147483.65)           -    -0.196  0.900  
  q_o_reg[1]  DFFQXL     -        R      0.000   0.000    0.228  0.006  0.294       1   1.000  (-2147483.65,-2147483.65)        SPEF    -0.196  0.900  
#------------------------------------------------------------------------------------------------------------------------------------------------------
     Other End Path:

#----------------------------------------------------------------------------------------------------------------------------------------------------
# Instance    Cell       Arc    Edge   Delay    Incr  Arrival   Load  Trans  Fanout  User                          Pin         Arc  Required  Voltage  
#                                       (ns)   Delay     (ns)   (pf)   (ns)          Derate                   Location  Annotation      Time    
#                                                                                                                                       (ns)    
#----------------------------------------------------------------------------------------------------------------------------------------------------
  -           (arrival)  clk_i  R          -       -    0.000  0.000  0.004       2  -       (-2147483.65,-2147483.65)         WLM     0.425  0.900  
  q_o_reg[1]  DFFQXL     -      R      0.000   0.000    0.000  0.000  0.004       2   1.000  (-2147483.65,-2147483.65)         WLM     0.425  0.900  
#----------------------------------------------------------------------------------------------------------------------------------------------------

