###############################################################
#  Generated by:      Cadence Tempus 22.13-s095_1
#  OS:                Linux x86_64(Host ID rhcadence)
#  Generated on:      Wed Jun 10 05:38:31 2026
#  Design:            counter
#  Command:           report_timing -split_delay -path_type full_clock -through_fall n_2 -early > ${REPORT_DIR}/report_timing_n_2_fall_early.rpt
###############################################################
Path 1: MET (0.041 ns) Hold Check with Pin q_o_reg[1]/CK->D
              Group: clk
         Startpoint: (F) rst_n_i
              Clock:
           Endpoint: (F) q_o_reg[1]/D
              Clock: (R) clk

                       Capture       Launch
         Clock Edge:+    0.000        0.000
        Src Latency:+    0.000        0.000
        Net Latency:+    0.000 (P)    0.000 (I)
            Arrival:=    0.000        0.000

               Hold:+    0.006
        Uncertainty:+    0.010
      Required Time:=    0.016
       Launch Clock:=    0.000
          Data Path:+    0.057
              Slack:=    0.041
     Timing Path:

#----------------------------------------------------------------------------------------------------------------------------------------
# Instance    Cell       Arc      Edge   Delay    Incr  Arrival   Load  Trans  Fanout  User            Pin         Arc  Required  Voltage  
#                                         (ns)   Delay     (ns)   (pf)   (ns)          Derate     Location  Annotation      Time    
#                                                                                                                           (ns)    
#----------------------------------------------------------------------------------------------------------------------------------------
  -           (arrival)  rst_n_i  F          -       -    0.000  0.000  0.004       2  -       (0.00,0.00)         WLM    -0.041  0.900  
  g25__2398   NOR2BX1    -        F      0.000   0.000    0.000  0.000  0.004       2   1.000  (0.00,0.00)         WLM    -0.041  0.900  
  g25__2398   NOR2BX1    AN->Y    F      0.057   0.000    0.057  0.000  0.021       -   1.000  (0.00,0.00)           -     0.016  0.900  
  q_o_reg[1]  DFFQXL     -        F      0.000   0.000    0.057  0.000  0.021       1   1.000  (0.00,0.00)         WLM     0.016  0.900  
#----------------------------------------------------------------------------------------------------------------------------------------
     Other End Path:

#--------------------------------------------------------------------------------------------------------------------------------------
# Instance    Cell       Arc    Edge   Delay    Incr  Arrival   Load  Trans  Fanout  User            Pin         Arc  Required  Voltage  
#                                       (ns)   Delay     (ns)   (pf)   (ns)          Derate     Location  Annotation      Time    
#                                                                                                                         (ns)    
#--------------------------------------------------------------------------------------------------------------------------------------
  -           (arrival)  clk_i  R          -       -    0.000  0.000  0.004       2  -       (0.00,0.00)         WLM     0.041  0.900  
  q_o_reg[1]  DFFQXL     -      R      0.000   0.000    0.000  0.000  0.004       2   1.000  (0.00,0.00)         WLM     0.041  0.900  
#--------------------------------------------------------------------------------------------------------------------------------------

