The report is generated with view default_emulate_view. Use option -view <view_name> to report it for other views. Run the report_analysis_view command to list views.
###############################################################
#  Generated by:      Cadence Tempus 22.13-s095_1
#  OS:                Linux x86_64(Host ID rhcadence)
#  Generated on:      Fri Jun 12 16:37:12 2026
#  Design:            counter
#  Command:           report_delay_calculation -from g25__2398/Y -to {q_o_reg[1]/D} -si > ./reports/delay_calculation.rpt
###############################################################

From pin  : g25__2398/Y
Cell       : NOR2BX1
Library    : slow_vdd1v0
To pin    : q_o_reg[1]/D
Cell       : DFFQXL
Library    : slow_vdd1v0
Base or SI: SI delay
Delay type: net

-------------------------------------------------------------
RC Summary for net n_2
-------------------------------------------------------------
Number of capacitance : 3
Net capacitance       : 0.007000 pF
Total rise capacitance: 0.007210 pF
Total fall capacitance: 0.007188 pF
Number of resistance  : 4
Total resistance      : 4.000200 Ohm
-------------------------------------------------------------
SI information for rise
---------------------------------------------------------------------------------
Victim timing window  :  0.5072 ns 0.5691 ns  clk  Infinity timing window 
---------------------------------------------------------------------------------
Attacker    Status  Direction  Slew         Coupling cap  Fanout  Voltage  Bump     Timing window       Clock
---------------------------------------------------------------------------------
rst_n_i     INF     Fall       0.005000 ns 0.001000 pF     2    0.900 v    0.109155 v Infinity timing window 
---------------------------------------------------------------------------------
SI information for fall
---------------------------------------------------------------------------------
Victim timing window  :  0.4080 ns 0.5173 ns  clk  Infinity timing window 
---------------------------------------------------------------------------------
Attacker    Status  Direction  Slew         Coupling cap  Fanout  Voltage  Bump     Timing window       Clock
---------------------------------------------------------------------------------
rst_n_i     INF     Rise       0.005000 ns 0.001000 pF     2    0.900 v    0.108675 v Infinity timing window 
---------------------------------------------------------------------------------
Model types
---------------------------------------------------------------------------------
Net         Term      Cell      Model
---------------------------------------------------------------------------------
n_2         g25__2398/Y  NOR2BX1     NLDM
n_2         q_o_reg[1]/D  DFFQXL      NLDM
rst_n_i     rst_n_i     NA          Unknown
---------------------------------------------------------------------------------
			   Rise        Fall
-------------------------------------------------------------
Incr Net Delay          : 0.052500 ns 0.031000 ns 
Net delay               : 0.052600 ns 0.031100 ns 
From pin transition time: 0.339900 ns 0.199900 ns 
To pin transition time  : 0.339900 ns 0.199900 ns 
-------------------------------------------------------------

Abbreviative attacker status and filtered reason:
-------------------------------------------------------------
SY :  Synchronous 
INF:  Attacker with infinite timing window 
PE :  Filtered due to physical exclusion  
UF :  Filtered by user 
CN :  Filtered because it is a constant net 
SB :  Filtered due to small bump 
TA :  Filtered because of timing window does not overlap 
LC :  Filtered due to logical correlation 
ACT:  Attacker is Active.
-------------------------------------------------------------
Total number of fetched objects 1
AAE_INFO: Total number of nets for which stage creation was skipped for all views 0
